A divergent history file system emulator

Usage: forkfs [OPTIONS] <COMMAND>...

Arguments:
  <COMMAND>...  The command to run in isolation

Options:
  -h, --help               Print help information (use `--help` for more detail)
  -s, --session <SESSION>  The fork/sandbox to use [default: default]
  -V, --version            Print version information
